2025-05-25 06:07:34,159 - __main__ - INFO - Initialized BrainTumorTrainer with config: {'batch_size': 32, 'epochs': 2, 'learning_rate': 0.001, 'beta_1': 0.85, 'beta_2': 0.9925, 'validation_split': 0.2, 'random_seed': 111, 'verbose': 1}
2025-05-25 06:07:34,159 - __main__ - INFO - TensorFlow Version: 2.19.0
2025-05-25 06:07:34,159 - __main__ - INFO - GPU Available: [PhysicalDevice(name='/physical_device:GPU:0', device_type='GPU')]
2025-05-25 06:07:34,159 - __main__ - INFO - Loading training data...
2025-05-25 06:07:34,159 - __main__ - INFO - Discovered classes: ['glioma', 'meningioma', 'notumor', 'pituitary']
2025-05-25 06:07:34,166 - __main__ - INFO - Found 5712 images across 4 classes
2025-05-25 06:07:34,168 - __main__ - INFO - Loading testing data...
2025-05-25 06:07:34,168 - __main__ - INFO - Discovered classes: ['glioma', 'meningioma', 'notumor', 'pituitary']
2025-05-25 06:07:34,170 - __main__ - INFO - Found 1311 images across 4 classes
2025-05-25 06:07:34,170 - __main__ - INFO - Training samples: 5712
2025-05-25 06:07:34,170 - __main__ - INFO - Testing samples: 1311
2025-05-25 06:07:34,496 - __main__ - INFO - Data loading and preprocessing completed
2025-05-25 06:07:34,829 - __main__ - INFO - Model built and compiled successfully
2025-05-25 06:07:34,829 - __main__ - INFO - Starting training for 2 epochs...
2025-05-25 06:08:08,390 - __main__ - INFO - Model saved to /Users/tanush/Developer/Brain/model.keras
2025-05-25 06:08:08,844 - __main__ - INFO - Training history plot saved to /Users/tanush/Developer/Brain/resources/training_history.png
2025-05-25 06:08:21,918 - __main__ - INFO - Test accuracy: 0.7704
2025-05-25 06:08:21,919 - __main__ - INFO - Test loss: 0.5738
2025-05-25 06:09:07,017 - __main__ - INFO - Confusion matrix plot saved to /Users/tanush/Developer/Brain/resources/confusion_matrix.png
2025-05-25 06:09:27,033 - __main__ - INFO - Training completed successfully!
2025-05-25 06:13:25,795 - __main__ - INFO - Initialized BrainTumorTrainer with config: {'batch_size': 16, 'epochs': 1, 'learning_rate': 0.001, 'beta_1': 0.85, 'beta_2': 0.9925, 'validation_split': 0.2, 'random_seed': 111, 'verbose': 1}
2025-05-25 06:13:25,796 - __main__ - INFO - TensorFlow Version: 2.19.0
2025-05-25 06:13:25,796 - __main__ - INFO - GPU Available: [PhysicalDevice(name='/physical_device:GPU:0', device_type='GPU')]
2025-05-25 06:13:25,796 - __main__ - INFO - Loading training data...
2025-05-25 06:13:25,796 - __main__ - INFO - Discovered classes: ['glioma', 'meningioma', 'notumor', 'pituitary']
2025-05-25 06:13:25,803 - __main__ - INFO - Found 5712 images across 4 classes
2025-05-25 06:13:25,805 - __main__ - INFO - Loading testing data...
2025-05-25 06:13:25,805 - __main__ - INFO - Discovered classes: ['glioma', 'meningioma', 'notumor', 'pituitary']
2025-05-25 06:13:25,807 - __main__ - INFO - Found 1311 images across 4 classes
2025-05-25 06:13:25,807 - __main__ - INFO - Training samples: 5712
2025-05-25 06:13:25,807 - __main__ - INFO - Testing samples: 1311
2025-05-25 06:13:26,137 - __main__ - INFO - Data loading and preprocessing completed
2025-05-25 06:13:26,417 - __main__ - INFO - Model built and compiled successfully
2025-05-25 06:13:26,417 - __main__ - INFO - Starting training for 1 epochs...
2025-05-25 06:13:49,312 - __main__ - INFO - Model saved to /Users/tanush/Developer/Brain/model.keras
2025-05-25 06:13:49,664 - __main__ - INFO - Training history plot saved to /Users/tanush/Developer/Brain/resources/training_history.png
2025-05-25 06:14:00,694 - __main__ - INFO - Test accuracy: 0.7422
2025-05-25 06:14:00,696 - __main__ - INFO - Test loss: 0.6109
2025-05-25 06:14:43,242 - __main__ - INFO - Confusion matrix plot saved to /Users/tanush/Developer/Brain/resources/confusion_matrix.png
2025-05-25 06:15:37,451 - __main__ - INFO - Training completed successfully!
2025-05-25 06:16:43,991 - __main__ - INFO - Initialized BrainTumorTrainer with config: {'batch_size': 32, 'epochs': 3, 'learning_rate': 0.001, 'beta_1': 0.85, 'beta_2': 0.9925, 'validation_split': 0.2, 'random_seed': 111, 'verbose': 1}
2025-05-25 06:16:43,991 - __main__ - INFO - TensorFlow Version: 2.19.0
2025-05-25 06:16:43,991 - __main__ - INFO - GPU Available: [PhysicalDevice(name='/physical_device:GPU:0', device_type='GPU')]
2025-05-25 06:16:43,991 - __main__ - INFO - Loading training data...
2025-05-25 06:16:43,991 - __main__ - INFO - Discovered classes: ['glioma', 'meningioma', 'notumor', 'pituitary']
2025-05-25 06:16:43,997 - __main__ - INFO - Found 5712 images across 4 classes
2025-05-25 06:16:43,998 - __main__ - INFO - Loading testing data...
2025-05-25 06:16:43,998 - __main__ - INFO - Discovered classes: ['glioma', 'meningioma', 'notumor', 'pituitary']
2025-05-25 06:16:43,999 - __main__ - INFO - Found 1311 images across 4 classes
2025-05-25 06:16:44,000 - __main__ - INFO - Training samples: 5712
2025-05-25 06:16:44,000 - __main__ - INFO - Testing samples: 1311
2025-05-25 06:16:44,252 - __main__ - INFO - Data loading and preprocessing completed
2025-05-25 06:16:44,479 - __main__ - INFO - Model built and compiled successfully
2025-05-25 06:16:44,479 - __main__ - INFO - Starting training for 3 epochs...
2025-05-25 06:17:27,582 - __main__ - INFO - Model saved to /Users/tanush/Developer/Brain/model.keras
2025-05-25 06:17:27,917 - __main__ - INFO - Training history plot saved to /Users/tanush/Developer/Brain/resources/training_history.png
2025-05-25 06:17:36,908 - __main__ - INFO - Test accuracy: 0.8810
2025-05-25 06:17:36,909 - __main__ - INFO - Test loss: 0.3231
2025-05-25 06:18:14,623 - __main__ - INFO - Confusion matrix plot saved to /Users/tanush/Developer/Brain/resources/confusion_matrix.png
2025-05-25 06:18:18,266 - __main__ - INFO - Training completed successfully!
2025-05-25 06:22:55,712 - __main__ - INFO - Initialized BrainTumorTrainer with config: {'batch_size': 32, 'epochs': 50, 'learning_rate': 0.001, 'beta_1': 0.85, 'beta_2': 0.9925, 'validation_split': 0.2, 'random_seed': 111, 'verbose': 1}
2025-05-25 06:22:55,713 - __main__ - INFO - TensorFlow Version: 2.19.0
2025-05-25 06:22:55,713 - __main__ - INFO - GPU Available: [PhysicalDevice(name='/physical_device:GPU:0', device_type='GPU')]
2025-05-25 06:22:55,713 - __main__ - INFO - Loading training data...
2025-05-25 06:22:55,713 - __main__ - INFO - Discovered classes: ['glioma', 'meningioma', 'notumor', 'pituitary']
2025-05-25 06:22:55,718 - __main__ - INFO - Found 5712 images across 4 classes
2025-05-25 06:22:55,719 - __main__ - INFO - Loading testing data...
2025-05-25 06:22:55,720 - __main__ - INFO - Discovered classes: ['glioma', 'meningioma', 'notumor', 'pituitary']
2025-05-25 06:22:55,721 - __main__ - INFO - Found 1311 images across 4 classes
2025-05-25 06:22:55,721 - __main__ - INFO - Training samples: 5712
2025-05-25 06:22:55,721 - __main__ - INFO - Testing samples: 1311
2025-05-25 06:22:55,948 - __main__ - INFO - Data loading and preprocessing completed
2025-05-25 06:22:56,141 - __main__ - INFO - Model built and compiled successfully
2025-05-25 06:22:56,141 - __main__ - INFO - Starting training for 50 epochs...
2025-05-25 06:33:25,287 - __main__ - INFO - Model saved to /Users/tanush/Developer/Brain/model.keras
2025-05-25 06:33:25,585 - __main__ - INFO - Training history plot saved to /Users/tanush/Developer/Brain/resources/training_history.png
2025-05-25 06:33:59,412 - __main__ - INFO - Test accuracy: 0.9939
2025-05-25 06:33:59,412 - __main__ - INFO - Test loss: 0.0225
2025-05-25 06:34:34,986 - __main__ - INFO - Confusion matrix plot saved to /Users/tanush/Developer/Brain/resources/confusion_matrix.png
2025-05-25 06:35:10,069 - __main__ - INFO - Training completed successfully!
